/usr/bin/bash: line 1: idf.py: command not found
